KEEP IT
KEEP IT
KEEP IT
KEEP IT
KEEP IT
KEEP IT
KEEP IT
DROP IT
