3
16
-1
8
-1
6
-1
9
-1
-1
-1
-1
-1
14
-1
180
9998
-1
22
-1
28
-1
9900
31
432
-1
332
3600
-1
1000000
-1
