100.00 16.70
12.00 2.00
0.12 0.02
120000.00 20040.00
