100.00 16.70
12.00 2.00
0.12 0.02
120000.00 20040.00
120.00 20.04
240.00 40.08
