7
6
1502
1502
1028
1046
1499
1489
1508
1508
1475
4
2
2
3
2
3
98
194
290
387
