44.37
11.51
0.01
0.29
0.58
1.15
1.73
2.30
3.45
4.02
4.60
2.56
2.88
3.30
3.85
4.64
7.74
11.63
22.89
77.46
77.46
88.96
90.00
83.57
61.29
23.95
14.52
7.35
5.14
3.43
4.09
10.58
21.85
42.73
0.82
0.64
0.67
0.71
0.78
1.48
2.88
2.88
2.89
2.90
3.43
14.37
30.81
