one
two hundred and twenty-two thousand, one hundred and forty-three
one million and one
