nephew
grandniece
great-grandchild
1st cousin once removed
kin
